{
  "clusters": [
   {
    "name": "242bc3028e0f3fe0682e6d972e167ab415b2321d",
    "connect_timeout_ms": 1000,
    "type": "strict_dns",
    "lb_type": "round_robin",
    "hosts": [
     {
      "url": "tcp://httpbin.org:443"
     }
    ],
    "ssl_context": {}
   },
   {
    "name": "ae8d3361601f8293abe6ac5e4d807124612cf42e",
    "connect_timeout_ms": 1000,
    "type": "strict_dns",
    "lb_type": "round_robin",
    "hosts": [
     {
      "url": "tcp://httpbin.org:80"
     }
    ]
   },
   {
    "name": "mixer_server",
    "connect_timeout_ms": 1000,
    "type": "strict_dns",
    "lb_type": "round_robin",
    "hosts": [
     {
      "url": "tcp://istio-mixer.istio-system:9091"
     }
    ],
    "features": "http2",
    "circuit_breakers": {
     "default": {
      "max_pending_requests": 10000,
      "max_requests": 10000
     }
    }
   }
  ]
 }